[2021-08-25T11:39:01.268+0000][gc] Using G1
[2021-08-25T11:39:01.271+0000][gc,init] Version: 15.0.1+9 (release)
[2021-08-25T11:39:01.272+0000][gc,init] CPUs: 4 total, 4 available
[2021-08-25T11:39:01.272+0000][gc,init] Memory: 16384M
[2021-08-25T11:39:01.272+0000][gc,init] Large Page Support: Disabled
[2021-08-25T11:39:01.272+0000][gc,init] NUMA Support: Disabled
[2021-08-25T11:39:01.272+0000][gc,init] Compressed Oops: Enabled (Zero based)
[2021-08-25T11:39:01.272+0000][gc,init] Heap Region Size: 1M
[2021-08-25T11:39:01.272+0000][gc,init] Heap Min Capacity: 512M
[2021-08-25T11:39:01.272+0000][gc,init] Heap Initial Capacity: 512M
[2021-08-25T11:39:01.272+0000][gc,init] Heap Max Capacity: 512M
[2021-08-25T11:39:01.272+0000][gc,init] Pre-touch: Disabled
[2021-08-25T11:39:01.272+0000][gc,init] Parallel Workers: 4
[2021-08-25T11:39:01.272+0000][gc,init] Concurrent Workers: 1
[2021-08-25T11:39:01.272+0000][gc,init] Concurrent Refinement Workers: 4
[2021-08-25T11:39:01.272+0000][gc,init] Periodic GC: Disabled
[2021-08-25T11:39:01.272+0000][gc,cds ] Mark closed archive regions in map: [0x00000007fff00000, 0x00000007fff78ff8]
[2021-08-25T11:39:01.272+0000][gc,cds ] Mark open archive regions in map: [0x00000007ffe00000, 0x00000007ffe50ff8]
[2021-08-25T11:39:01.272+0000][gc,metaspace] CDS archive(s) mapped at: [0x0000000800000000-0x0000000800b2d000-0x0000000800b2d000), size 11718656, SharedBaseAddress: 0x0000000800000000, ArchiveRelocationMode: 0.
[2021-08-25T11:39:01.272+0000][gc,metaspace] Compressed class space mapped at: 0x0000000800b30000-0x0000000840b30000, size: 1073741824
[2021-08-25T11:39:01.272+0000][gc,metaspace] Narrow klass base: 0x0000000800000000, Narrow klass shift: 3, Narrow klass range: 0x100000000
[2021-08-25T11:39:02.769+0000][gc,heap,exit] Heap
[2021-08-25T11:39:02.769+0000][gc,heap,exit]  garbage-first heap   total 524288K, used 13096K [0x00000007e0000000, 0x0000000800000000)
[2021-08-25T11:39:02.769+0000][gc,heap,exit]   region size 1024K, 13 young (13312K), 0 survivors (0K)
[2021-08-25T11:39:02.769+0000][gc,heap,exit]  Metaspace       used 5717K, capacity 5831K, committed 6144K, reserved 1056768K
[2021-08-25T11:39:02.769+0000][gc,heap,exit]   class space    used 644K, capacity 700K, committed 768K, reserved 1048576K
